Traceback (most recent call last):
  File "/opt/anaconda3/envs/libro/lib/python3.13/site-packages/jupyter_core/utils/__init__.py", line 154, in wrapped
    asyncio.get_running_loop()
    ~~~~~~~~~~~~~~~~~~~~~~~~^^
RuntimeError: no running event loop

During handling of the above exception, another exception occurred:

Traceback (most recent call last):
  File "/opt/anaconda3/envs/libro/lib/python3.13/site-packages/jupyter_cache/executors/utils.py", line 58, in single_nb_execution
    executenb(
    ~~~~~~~~~^
        nb,
        ^^^
    ...<4 lines>...
        **kwargs,
        ^^^^^^^^^
    )
    ^
  File "/opt/anaconda3/envs/libro/lib/python3.13/site-packages/nbclient/client.py", line 1319, in execute
    return NotebookClient(nb=nb, resources=resources, km=km, **kwargs).execute()
           ~~~~~~~~~~~~~~~~~~~~~~~~~~~~~~~~~~~~~~~~~~~~~~~~~~~~~~~~~~~~~~~~~~~^^
  File "/opt/anaconda3/envs/libro/lib/python3.13/site-packages/jupyter_core/utils/__init__.py", line 158, in wrapped
    return loop.run_until_complete(inner)
           ~~~~~~~~~~~~~~~~~~~~~~~^^^^^^^
  File "/opt/anaconda3/envs/libro/lib/python3.13/asyncio/base_events.py", line 725, in run_until_complete
    return future.result()
           ~~~~~~~~~~~~~^^
  File "/opt/anaconda3/envs/libro/lib/python3.13/site-packages/nbclient/client.py", line 709, in async_execute
    await self.async_execute_cell(
        cell, index, execution_count=self.code_cells_executed + 1
    )
  File "/opt/anaconda3/envs/libro/lib/python3.13/site-packages/nbclient/client.py", line 1062, in async_execute_cell
    await self._check_raise_for_error(cell, cell_index, exec_reply)
  File "/opt/anaconda3/envs/libro/lib/python3.13/site-packages/nbclient/client.py", line 918, in _check_raise_for_error
    raise CellExecutionError.from_cell_and_msg(cell, exec_reply_content)
nbclient.exceptions.CellExecutionError: An error occurred while executing the following cell:
------------------
import numpy as np
import pandas as pd
import matplotlib.pyplot as plt

studenti = pd.DataFrame({
    'Studente': ['Anna', 'Bruno', 'Carla', 'Davide', 'Elena', 'Fabio', 'Giulia', 'Luca'],
    'Ore_studio': [12, 25, 18, 8, 22, 15, 28, 10],
    'Frequenza': [70, 90, 80, 60, 85, 75, 95, 65],
    'Voto': [21, 28, 25, 19, 27, 23, 30, 20]
})

studenti
------------------


[31m---------------------------------------------------------------------------[39m
[31mModuleNotFoundError[39m                       Traceback (most recent call last)
[36mCell[39m[36m [39m[32mIn[1][39m[32m, line 2[39m
[32m      1[39m [38;5;28;01mimport[39;00m[38;5;250m [39m[34;01mnumpy[39;00m[38;5;250m [39m[38;5;28;01mas[39;00m[38;5;250m [39m[34;01mnp[39;00m
[32m----> [39m[32m2[39m [38;5;28;01mimport[39;00m[38;5;250m [39m[34;01mpandas[39;00m[38;5;250m [39m[38;5;28;01mas[39;00m[38;5;250m [39m[34;01mpd[39;00m
[32m      3[39m [38;5;28;01mimport[39;00m[38;5;250m [39m[34;01mmatplotlib[39;00m[34;01m.[39;00m[34;01mpyplot[39;00m[38;5;250m [39m[38;5;28;01mas[39;00m[38;5;250m [39m[34;01mplt[39;00m
[32m      5[39m studenti = pd.DataFrame({
[32m      6[39m     [33m'[39m[33mStudente[39m[33m'[39m: [[33m'[39m[33mAnna[39m[33m'[39m, [33m'[39m[33mBruno[39m[33m'[39m, [33m'[39m[33mCarla[39m[33m'[39m, [33m'[39m[33mDavide[39m[33m'[39m, [33m'[39m[33mElena[39m[33m'[39m, [33m'[39m[33mFabio[39m[33m'[39m, [33m'[39m[33mGiulia[39m[33m'[39m, [33m'[39m[33mLuca[39m[33m'[39m],
[32m      7[39m     [33m'[39m[33mOre_studio[39m[33m'[39m: [[32m12[39m, [32m25[39m, [32m18[39m, [32m8[39m, [32m22[39m, [32m15[39m, [32m28[39m, [32m10[39m],
[32m      8[39m     [33m'[39m[33mFrequenza[39m[33m'[39m: [[32m70[39m, [32m90[39m, [32m80[39m, [32m60[39m, [32m85[39m, [32m75[39m, [32m95[39m, [32m65[39m],
[32m      9[39m     [33m'[39m[33mVoto[39m[33m'[39m: [[32m21[39m, [32m28[39m, [32m25[39m, [32m19[39m, [32m27[39m, [32m23[39m, [32m30[39m, [32m20[39m]
[32m     10[39m })

[31mModuleNotFoundError[39m: No module named 'pandas'

